ctestinglib	The library for which the tests are running
	Modules	functionalities
		Modules Display	Check on handling modules display functionalities
		Modules Display	empty
		Modules Handling	Check on handling modules handling(create/delete/addt/...) functionalities
			add submodules        OK
			initializing modules  OK
			nb tests              OK
			passed count          OK
			sorting               OK
		Modules Handling	5 / 5
		Modules Run	Check on handling modules running functionalities
			running modules  OK
		Modules Run	1 / 1
	Modules	6 / 6	[Modules Display: empty][Modules Handling: 5 / 5][Modules Run: 1 / 1]
	Tests	Check on handling tests functionalities
		add + addf             OK
		crash catcher          OK
		ordering               OK
		return value checking  OK
	Tests	4 / 4
	util	Check on handling utils functionalities
		cmp_alpha     OK
		list_foreach  OK
		list_pop      OK
		list_push     OK
		memchr        OK
		memcmp        OK
		memcpy        OK
		memmove       OK
		memset        OK
		print_charn   OK
		print_flt     OK
		print_nb      OK
		print_str     OK
		strlen        OK
		strncmp       OK
	util	15 / 15
ctestinglib	25 / 25	[Modules: 6 / 6][Tests: 4 / 4][util: 15 / 15]
# color removed
